3497 0.00e+00
11096 3.76e-10
3097 2.32e-10
10676 5.10e-10
2697 3.87e-10
10277 2.21e-10
2698 9.62e-10
10677 9.60e-11
10676 1.29e-11
3097 9.55e-11
3097 3.93e-10
2697 2.84e-10
3096 3.90e-10
10696 2.41e-11
2716 1.34e-09
10295 1.55e-12
2295 3.72e-09
2295 1.81e-11
2295 1.49e-10
2295 3.05e-12
2295 6.81e-09
2295 3.61e-12
2295 6.03e-09
2295 2.66e-11
10295 3.84e-09
2716 1.22e-12
10696 5.24e-13
11075 1.25e-10
11075 8.46e-10
3096 2.98e-10
2697 2.63e-11
11076 5.23e-10
3077 3.24e-10
10656 2.60e-10
3057 3.15e-10
11037 7.13e-10
3458 3.96e-11
11458 3.90e-11
11458 3.54e-12
11038 3.61e-12
3459 8.75e-11
11458 4.57e-11
11038 1.22e-10
11038 9.81e-10
3858 1.69e-10
11858 3.00e-10
4258 2.82e-11
12237 2.25e-09
12237 4.70e-11
11857 3.16e-09
4278 6.12e-13
12277 8.04e-11
12277 2.08e-11
12277 6.62e-11
12277 2.14e-12
12277 1.09e-10
4698 1.74e-11
4698 2.68e-11
4698 3.39e-11
12697 3.98e-11
12697 6.37e-11
12697 3.84e-11
5097 1.87e-11
5097 8.03e-11
12697 9.95e-12
12697 1.35e-11
12697 2.95e-11
12697 7.37e-12
12697 1.82e-11
12697 1.81e-11
4717 4.61e-11
12296 7.58e-11
12296 6.05e-11
4717 5.78e-11
12697 5.51e-11
4698 2.87e-11
4698 2.09e-11
4698 6.17e-12
12277 5.53e-11
12277 4.45e-11
4677 4.98e-11
12657 2.86e-11
5077 2.51e-10
13077 2.73e-12
5478 1.40e-13
13477 5.58e-11
5497 9.32e-11
13097 1.59e-10
13097 4.12e-11
5497 1.07e-10
5497 1.07e-10
13076 2.02e-10
13076 2.21e-10
5478 5.15e-11
5478 3.54e-11
13496 2.55e-11
5516 3.74e-11
13116 5.81e-10
13116 2.05e-11
5516 3.21e-11
13496 1.18e-10
13076 1.19e-10
13076 2.59e-10
13076 1.49e-10
13076 4.44e-12
5497 3.00e-10
5497 3.16e-11
13076 6.37e-10
13076 1.57e-11
13076 1.79e-10
13076 5.07e-11
13497 2.13e-10
13497 1.63e-10
5478 4.87e-11
13477 1.19e-10
5497 3.94e-11
5478 6.69e-11
13477 2.06e-12
13477 7.74e-11
13497 2.41e-10
5897 5.43e-12
13897 2.57e-10
13897 1.32e-09
5478 2.57e-11
5478 2.98e-11
13897 4.59e-13
6297 1.70e-09
6297 1.52e-11
5918 3.29e-09
13498 2.36e-10
5498 4.36e-10
13098 4.35e-11
5118 2.59e-11
12698 5.18e-11
4698 2.27e-11
4677 1.68e-11
4677 7.57e-12
4677 1.67e-11
4677 1.57e-11
12697 2.33e-11
12697 1.63e-12
4677 3.05e-11
4677 2.09e-13
12697 4.04e-11
12697 2.03e-11
12697 5.54e-11
12697 2.26e-11
4677 9.89e-11
4677 7.99e-12
12697 1.12e-10
5097 5.85e-12
12676 1.39e-11
12676 2.39e-10
5097 4.98e-11
12697 4.42e-11
4677 1.89e-10
4677 1.88e-11
4677 5.84e-11
4297 1.65e-12
4297 3.00e-11
4677 2.56e-11
12697 1.66e-11
12697 1.63e-12
4677 8.50e-11
4677 1.96e-11
4677 2.40e-12
4677 1.22e-12
4677 6.90e-11
4677 1.18e-11
12697 7.35e-12
12697 4.49e-12
4677 4.67e-11
4297 2.77e-12
4297 2.57e-11
4677 5.47e-11
4677 1.91e-10
4677 1.35e-11
4677 3.99e-12
4677 1.28e-11
4677 4.56e-11
4677 4.57e-11
4677 5.71e-11
4677 8.72e-12
4677 4.63e-11
4677 2.37e-11
12697 2.64e-10
12697 4.98e-11
12697 5.88e-11
12697 8.63e-11
4677 7.79e-11
4677 3.47e-11
4677 4.06e-12
4677 4.17e-12
4677 4.12e-11
12277 5.76e-12
12277 2.58e-10
4677 2.42e-12
4677 3.68e-10
4677 1.95e-11
12697 8.90e-12
12697 1.34e-11
4677 3.88e-11
4297 5.97e-11
4297 3.76e-11
4677 3.47e-12
4677 1.59e-11
4677 2.84e-11
12697 2.59e-11
5097 4.64e-11
5097 3.34e-11
5097 2.23e-11
5097 3.22e-11
5097 4.29e-12
5097 1.16e-11
5117 7.13e-12
13096 1.86e-10
13096 2.65e-11
13097 2.39e-10
5517 5.13e-11
13116 4.76e-11
5516 2.84e-10
5516 3.36e-10
5137 9.76e-11
5137 5.94e-12
5536 1.49e-09
13136 3.48e-10
5156 5.14e-10
12736 2.76e-10
4737 5.90e-11
12317 1.10e-09
4338 2.38e-10
12338 1.53e-10
4739 3.43e-11
4739 1.04e-11
12338 4.23e-10
11938 5.67e-11
3959 6.56e-11
11959 1.55e-10
11959 6.98e-11
3959 2.16e-10
11938 5.66e-11
11938 5.09e-11
3959 1.23e-10
11959 4.51e-12
3980 3.24e-10
3980 8.51e-12
4360 3.34e-10
12339 1.08e-10
4359 1.33e-10
3959 4.60e-11
3939 4.03e-10
3939 2.25e-12
3958 1.44e-10
11558 3.74e-11
11558 6.30e-11
11558 3.25e-10
11959 4.95e-10
4360 2.99e-11
4379 1.35e-10
12378 6.18e-10
4398 4.43e-10
12377 8.29e-11
4778 5.05e-10
12358 7.03e-11
4759 1.62e-10
12759 4.64e-12
5159 1.27e-09
5159 1.15e-09
12759 6.13e-10
12338 9.25e-12
4358 1.97e-10
4358 9.13e-12
4739 2.21e-10
4739 6.53e-11
4358 3.08e-10
4759 3.36e-11
4759 3.07e-10
4358 3.18e-10
4739 4.66e-10
12718 8.90e-12
4719 5.14e-11
4719 1.05e-10
4719 8.86e-11
4719 6.02e-10
12718 1.55e-10
4739 4.27e-12
12338 9.88e-11
12359 5.54e-11
3959 5.50e-10
12338 1.91e-10
4339 8.14e-12
12319 8.82e-12
4719 5.23e-11
12298 2.12e-11
12298 4.67e-12
4698 4.60e-10
4698 4.13e-11
12718 3.88e-10
12718 7.38e-11
12719 5.91e-10
4740 8.72e-11
4359 7.71e-11
12359 2.27e-10
12359 5.22e-11
4359 6.32e-11
4359 4.87e-11
4739 6.68e-10
4339 1.16e-09
4358 6.06e-11
3958 3.55e-10
11558 9.66e-11
11558 1.57e-10
12338 3.26e-10
12338 1.07e-11
11938 1.28e-10
11938 2.70e-11
11558 2.64e-10
11558 1.86e-11
11938 5.75e-11
11938 1.86e-10
11938 1.10e-10
11938 2.18e-12
11938 1.78e-10
11917 1.28e-10
3937 1.30e-12
11516 4.51e-10
11516 2.65e-12
11516 4.55e-10
11516 2.21e-11
11516 7.38e-10
11516 1.05e-10
11516 3.05e-11
3916 8.71e-12
11895 3.21e-12
3915 2.90e-09
3915 2.95e-12
3915 6.90e-10
3915 5.75e-11
4296 1.60e-09
4296 5.82e-11
4296 8.00e-10
4296 3.48e-11
4296 5.06e-10
4296 4.45e-11
11895 4.15e-10
3916 2.71e-11
11516 2.55e-11
3937 4.74e-11
3937 1.24e-11
11936 2.88e-10
11936 1.59e-11
3937 2.67e-10
3937 3.82e-11
11516 7.02e-10
11516 7.62e-12
11516 1.52e-09
3916 9.31e-11
3916 1.10e-10
11516 8.18e-12
11937 5.69e-12
11937 1.44e-11
11936 1.64e-10
11936 5.24e-12
11516 2.31e-10
11516 3.05e-11
11937 8.64e-10
11937 2.46e-11
11516 2.63e-10
11516 8.38e-12
11516 4.79e-10
11516 1.70e-11
11516 1.25e-09
11516 6.40e-11
11516 1.40e-10
11516 1.70e-11
11516 7.27e-10
11516 1.06e-11
11516 2.99e-10
11516 1.28e-11
11937 1.07e-10
11937 2.43e-12
11516 4.46e-10
11516 4.34e-11
11516 6.82e-10
11516 1.63e-11
11516 1.16e-09
11516 7.75e-12
11516 2.83e-10
11516 3.58e-11
11516 4.84e-11
11516 2.62e-11
11936 1.60e-09
4336 1.72e-10
12316 7.38e-12
4717 1.02e-10
5117 2.20e-10
12697 2.75e-11
4677 7.55e-13
4677 4.99e-12
4677 3.43e-11
4677 9.61e-12
4677 5.80e-11
12277 2.36e-11
12277 4.94e-11
12277 4.17e-11
12277 1.73e-10
12657 3.20e-11
12657 2.95e-11
4677 2.13e-11
12697 1.41e-10
5097 5.35e-11
5097 3.78e-12
12697 1.02e-10
12697 1.65e-11
12697 1.86e-11
12697 1.99e-11
12697 1.33e-11
12697 1.95e-11
5097 6.98e-12
13477 1.32e-13
13477 4.87e-10
5097 2.00e-11
12697 1.23e-10
12697 2.64e-11
5097 4.37e-11
5097 3.48e-11
12697 3.29e-11
12697 4.16e-12
12697 7.51e-11
4677 9.64e-11
4677 1.21e-10
12697 1.09e-10
5097 1.20e-10
5097 3.98e-11
12697 1.03e-10
12697 1.38e-10
12697 7.62e-11
4677 4.13e-11
4677 1.97e-12
12697 6.42e-11
12697 7.90e-11
4677 5.11e-11
4677 1.21e-11
12697 5.64e-11
12697 6.13e-12
12697 1.67e-11
12697 6.69e-11
4677 4.01e-11
4677 2.87e-12
4677 2.27e-11
4297 2.88e-11
4297 3.30e-12
4677 1.18e-11
12697 2.40e-11
12697 1.08e-10
12697 3.99e-11
5097 1.58e-10
13477 3.73e-12
13477 1.77e-10
5097 4.14e-11
5097 3.92e-11
5097 1.15e-11
5097 1.23e-11
5097 3.96e-11
12697 5.76e-12
4677 4.08e-11
4677 1.01e-11
4677 3.96e-11
4677 1.81e-11
12697 8.64e-11
12697 7.22e-11
12697 4.89e-11
12697 2.04e-10
4677 1.02e-10
4297 2.31e-12
4297 3.39e-13
4677 7.03e-11
12697 1.34e-11
5097 7.70e-12
5097 1.00e-11
5097 8.65e-11
5097 5.80e-12
12697 2.45e-12
12697 1.12e-10
5097 1.10e-10
5097 9.43e-12
5117 1.31e-10
5117 9.33e-11
12697 2.58e-11
12697 4.50e-12
5097 1.86e-11
13477 1.46e-12
13477 2.76e-10
13096 2.06e-11
5096 6.14e-10
12676 1.23e-10
13096 1.22e-11
5097 1.92e-11
5097 6.95e-12
13096 1.01e-10
13096 1.31e-10
13096 1.44e-11
13096 3.52e-12
5097 2.82e-11
5097 2.45e-12
13477 1.98e-11
13477 4.87e-11
5097 1.72e-11
12697 1.49e-11
12697 1.42e-11
5097 6.15e-12
13096 9.12e-12
13096 6.40e-11
13096 2.10e-11
13096 1.68e-12
13096 2.31e-11
13096 2.64e-11
13096 7.63e-12
13096 4.97e-11
13096 1.53e-11
13096 5.69e-11
5097 7.85e-11
5097 4.19e-12
5097 6.44e-11
5097 3.46e-11
5096 4.13e-12
5096 1.51e-11
13096 6.36e-11
13096 6.11e-11
5097 7.06e-11
5097 5.57e-12
5097 3.88e-11
12697 2.46e-11
4677 4.62e-11
4677 3.61e-11
12697 5.69e-11
5097 4.51e-11
5097 8.71e-11
12697 2.48e-12
12697 7.44e-11
5097 1.28e-11
5097 3.32e-12
12697 7.47e-12
12697 7.24e-11
5097 2.90e-11
13096 9.20e-12
13096 2.08e-11
5097 1.37e-11
12697 8.28e-12
12697 7.51e-11
5097 8.87e-12
13096 1.58e-11
13096 1.17e-11
13477 2.21e-11
13477 3.99e-11
13477 4.58e-12
13477 4.76e-11
13477 1.30e-11
13477 3.24e-11
5097 2.79e-11
5097 2.49e-12
13096 7.96e-12
13096 2.27e-11
13096 2.79e-12
13096 1.85e-12
13096 4.01e-11
13096 2.85e-13
13477 3.07e-11
13098 1.10e-11
13098 6.62e-11
13477 5.62e-11
13096 3.53e-13
13096 1.15e-10
13477 1.22e-10
13477 1.01e-10
13096 2.95e-11
13096 1.77e-12
13096 1.59e-11
13096 4.60e-12
13096 5.26e-11
13096 5.14e-11
5097 1.03e-11
5097 5.29e-12
5097 1.42e-11
5097 4.58e-11
13096 4.42e-12
13096 1.24e-11
13096 1.26e-11
13096 2.66e-11
13477 1.09e-12
13477 1.82e-10
5097 3.10e-11
12697 1.43e-11
4677 2.90e-11
4677 5.52e-12
12697 3.49e-11
5097 9.34e-12
13096 7.73e-12
13096 9.97e-11
13096 1.03e-11
13096 1.05e-11
13096 1.57e-11
13096 2.69e-12
13096 2.12e-11
13096 1.85e-12
13477 2.50e-11
13098 1.39e-10
5118 2.27e-10
12698 1.03e-09
5097 8.99e-11
13477 4.87e-12
13477 5.72e-12
12697 3.29e-12
12697 1.57e-10
13477 3.88e-12
13096 1.30e-11
13096 1.16e-11
13477 5.87e-13
13477 3.39e-12
13477 1.20e-11
13477 1.39e-11
13477 3.44e-13
13477 4.11e-11
13477 4.70e-12
13477 2.33e-11
13477 1.33e-11
12697 6.99e-12
4677 1.63e-11
4677 6.81e-11
12697 1.50e-11
13477 1.90e-11
13477 1.38e-11
13477 6.34e-11
13477 2.66e-12
13477 2.00e-11
13477 4.39e-12
13477 1.47e-11
13477 2.20e-11
13477 9.72e-12
13477 2.81e-11
12697 3.94e-11
12697 1.01e-11
13477 2.93e-11
13098 9.74e-12
13098 4.77e-11
13477 5.87e-12
12697 9.91e-12
12697 2.98e-11
13477 2.35e-12
13477 2.63e-12
12697 2.22e-12
12697 6.58e-12
13477 1.21e-11
13477 5.04e-12
13477 2.69e-12
13096 2.82e-11
13096 1.69e-11
13477 8.76e-13
13477 1.12e-11
13477 4.90e-11
13477 9.86e-12
13477 2.42e-11
13477 1.97e-11
13477 1.30e-11
13477 2.96e-11
13477 6.62e-12
13477 7.53e-12
13477 6.35e-11
13477 4.57e-12
13477 3.15e-11
12697 1.83e-11
12697 4.06e-12
13477 4.43e-11
13477 3.10e-12
13477 1.62e-11
13477 1.05e-11
13477 4.86e-11
13477 1.26e-11
12697 1.05e-12
12697 2.51e-11
13477 9.97e-12
13477 4.82e-12
12697 1.34e-11
12697 3.03e-11
13477 1.29e-12
13096 4.03e-11
13096 2.70e-11
13477 3.34e-11
13477 9.46e-13
13096 9.78e-12
13096 3.35e-12
13477 1.29e-11
13477 2.08e-11
13477 5.94e-13
12697 8.22e-13
12697 2.37e-12
12697 4.73e-12
12697 5.29e-11
13477 2.50e-12
13096 1.01e-11
13096 1.22e-11
13098 8.63e-13
13098 6.50e-11
13477 1.41e-11
12697 4.70e-11
12697 3.54e-11
13477 3.75e-11
13477 1.86e-11
13477 6.87e-11
13477 4.74e-11
13477 7.05e-11
13477 6.59e-12
12697 1.00e-11
12697 1.03e-11
12697 9.96e-13
12697 1.63e-11
13477 2.23e-11
13477 1.31e-11
12697 2.03e-11
12697 5.04e-11
13477 1.67e-11
13477 5.06e-12
13477 6.15e-12
5096 5.93e-12
5096 3.87e-11
13477 1.95e-11
13477 1.03e-10
13477 2.59e-11
5117 8.72e-12
5117 7.73e-12
12697 2.66e-11
12697 2.41e-11
12697 1.03e-11
4677 4.40e-12
12657 4.40e-11
12657 8.69e-11
4677 2.56e-11
12697 8.85e-12
13477 1.25e-12
13096 3.18e-12
13096 3.30e-11
13477 2.42e-12
12697 4.25e-12
12697 2.33e-11
13477 9.50e-12
13477 3.07e-11
13477 6.79e-12
13477 8.47e-13
13477 2.16e-11
13477 2.61e-11
12697 1.04e-11
12697 1.44e-11
12697 2.87e-11
4677 1.85e-11
4677 1.35e-11
12697 2.45e-11
13477 4.01e-11
13096 4.16e-11
13096 6.72e-11
13096 9.92e-12
13096 9.08e-12
13098 6.26e-12
13098 2.65e-12
13477 4.18e-11
13477 1.04e-11
13477 3.20e-11
13477 1.02e-11
13477 2.06e-11
13477 5.31e-12
13096 2.06e-11
13096 1.21e-11
13477 4.79e-12
13477 3.79e-11
13477 6.22e-12
12697 2.34e-11
12697 3.84e-12
13477 4.41e-11
13477 2.62e-11
13477 1.92e-11
13477 4.91e-12
12697 5.03e-11
12697 1.36e-11
13477 1.37e-11
13477 1.14e-11
13477 8.06e-12
13096 2.35e-13
13096 2.04e-11
13477 5.17e-13
13477 1.67e-11
13096 3.01e-12
13096 1.78e-11
13477 1.71e-11
12697 7.84e-12
12697 8.81e-12
13477 2.19e-11
13477 1.07e-11
13477 4.76e-12
13477 1.60e-11
12697 2.37e-12
4677 3.76e-11
4677 1.29e-11
12697 1.25e-11
13477 1.05e-12
13477 2.25e-11
12697 1.24e-11
4677 1.37e-11
4677 1.06e-11
4677 4.27e-12
4677 1.43e-12
4677 4.32e-11
12657 2.27e-11
13096 1.21e-11
13477 1.22e-11
12697 7.21e-12
12697 5.28e-11
12697 1.61e-11
12697 4.82e-12
12697 1.74e-12
12697 7.05e-13
12697 2.29e-11
4677 5.38e-11
4677 4.66e-11
12697 1.41e-11
12697 8.07e-12
12697 3.26e-11
12697 3.57e-13
4677 1.99e-11
4677 3.55e-11
4677 1.02e-12
4677 3.25e-11
4677 1.85e-12
4677 3.03e-11
4677 1.76e-12
4677 8.75e-12
12697 3.10e-11
13477 2.73e-12
13477 7.18e-11
12697 3.82e-12
12697 8.52e-12
13477 6.62e-12
13477 1.14e-11
12697 2.38e-11
4677 1.93e-11
12657 4.18e-11
12657 5.62e-12
4677 2.09e-12
12697 7.38e-12
13477 2.59e-12
13477 5.13e-11
13477 1.59e-11
13477 1.37e-11
12697 8.61e-12
4677 2.89e-11
4677 4.45e-12
4677 3.08e-11
4677 1.41e-11
4677 5.28e-12
4677 1.66e-11
12697 4.38e-12
12697 1.19e-11
12697 2.34e-12
12697 1.66e-11
12697 3.47e-12
12697 7.73e-12
12697 3.50e-11
12697 2.90e-12
12697 1.06e-11
12697 1.31e-11
12697 1.30e-11
13477 4.91e-12
13477 5.04e-12
13477 6.13e-12
13477 1.57e-10
13477 1.92e-12
13477 8.86e-11
12697 1.31e-11
12697 6.42e-12
13477 2.57e-12
13477 1.53e-11
12697 2.00e-11
12697 2.72e-11
13477 3.20e-12
13477 3.26e-11
12697 1.27e-11
4677 4.10e-12
4677 1.59e-11
12697 2.07e-11
13477 6.52e-11
13477 4.88e-11
13477 8.94e-12
13477 9.21e-12
12697 2.35e-11
12697 9.41e-12
12697 1.60e-11
12697 3.06e-12
12697 9.59e-12
12697 1.37e-11
12697 2.77e-12
12697 3.78e-11
12697 4.71e-12
12697 3.97e-12
12697 1.92e-11
4677 7.38e-12
12657 1.50e-11
12657 3.83e-11
4677 9.67e-12
12697 2.21e-11
13477 7.49e-12
13477 4.30e-12
13477 2.83e-12
13477 5.72e-11
12697 5.68e-12
12697 6.42e-11
13477 1.05e-11
13477 4.23e-11
12697 6.02e-12
4677 4.61e-12
4677 2.05e-12
12697 1.62e-11
12697 5.66e-12
12697 1.58e-11
12697 4.73e-12
4677 3.42e-11
4677 3.74e-12
12697 1.07e-12
12697 2.30e-11
4677 1.95e-11
4677 6.99e-12
12697 1.30e-11
12697 1.84e-11
12697 3.38e-13
12697 2.76e-11
12697 1.32e-11
12697 7.31e-12
12697 1.82e-11
12697 1.03e-11
12697 3.69e-11
12697 2.54e-11
4677 2.24e-11
4677 3.80e-11
12697 1.72e-10
12697 4.70e-11
12697 3.63e-11
12697 1.49e-11
12697 6.81e-11
13477 5.51e-11
13477 8.63e-11
12697 3.59e-11
12697 7.80e-12
12697 8.60e-12
12697 3.01e-12
5517 2.32e-14
13497 1.10e-10
5096 4.68e-11
5516 3.74e-10
13496 1.98e-11
5096 3.18e-10
5096 1.52e-10
5096 5.01e-11
5096 6.47e-12
5096 4.39e-10
5096 3.02e-10
13897 5.94e-10
13876 3.70e-11
6277 8.75e-11
13856 2.83e-10
13856 6.23e-11
13856 2.13e-10
13856 3.99e-11
14257 3.02e-10
14257 1.28e-10
13856 4.93e-12
13856 3.45e-10
13856 5.03e-10
6256 1.02e-11
14236 3.75e-11
6236 3.54e-10
13835 7.02e-11
13835 7.42e-11
13835 7.49e-11
13835 1.77e-11
13835 1.45e-11
13835 2.44e-11
13835 2.01e-11
6255 1.40e-10
13834 5.68e-09
5835 1.53e-11
13414 5.37e-10
13414 9.65e-12
13414 6.23e-11
13414 2.49e-12
13815 4.82e-11
13835 6.74e-10
6236 1.74e-09
6236 5.34e-11
6236 6.74e-11
6656 1.68e-11
14636 2.75e-09
7057 3.90e-10
14637 3.46e-11
7058 1.58e-11
